127.0.0.1 - - [05/Aug/2019:11:36:28 +0800] "GET /nacos/v1/ns/instance/list?healthyOnly=false&namespaceId=327695a5-9f75-405d-99bf-e46b51f6be0f&clientIP=192.168.10.55&serviceName=DEFAULT_GROUP%40%40product-service&udpPort=61574&encoding=UTF-8 HTTP/1.1" 200 580 9 Nacos-Java-Client:v1.0.0
127.0.0.1 - - [05/Aug/2019:11:36:29 +0800] "PUT /nacos/v1/ns/instance/beat?beat=%7B%22cluster%22%3A%22DEFAULT%22%2C%22ip%22%3A%22192.168.10.55%22%2C%22metadata%22%3A%7B%22preserved.register.source%22%3A%22SPRING_CLOUD%22%7D%2C%22port%22%3A8750%2C%22scheduled%22%3Atrue%2C%22serviceName%22%3A%22DEFAULT_GROUP%40%40product-service%22%2C%22weight%22%3A1.0%7D&serviceName=DEFAULT_GROUP%40%40product-service&encoding=UTF-8&namespaceId=327695a5-9f75-405d-99bf-e46b51f6be0f HTTP/1.1" 200 38 7 Nacos-Java-Client:v1.0.0
192.168.10.55 - - [05/Aug/2019:11:36:33 +0800] "GET /nacos/v1/cs/health HTTP/1.1" 200 2 7 Apache-HttpAsyncClient/4.1.3 (Java/1.8.0_20)
127.0.0.1 - - [05/Aug/2019:11:36:34 +0800] "PUT /nacos/v1/ns/instance/beat?beat=%7B%22cluster%22%3A%22DEFAULT%22%2C%22ip%22%3A%22192.168.10.55%22%2C%22metadata%22%3A%7B%22preserved.register.source%22%3A%22SPRING_CLOUD%22%7D%2C%22port%22%3A8750%2C%22scheduled%22%3Atrue%2C%22serviceName%22%3A%22DEFAULT_GROUP%40%40product-service%22%2C%22weight%22%3A1.0%7D&serviceName=DEFAULT_GROUP%40%40product-service&encoding=UTF-8&namespaceId=327695a5-9f75-405d-99bf-e46b51f6be0f HTTP/1.1" 200 38 3 Nacos-Java-Client:v1.0.0
192.168.10.55 - - [05/Aug/2019:11:36:38 +0800] "GET /nacos/v1/cs/health HTTP/1.1" 200 2 8 Apache-HttpAsyncClient/4.1.3 (Java/1.8.0_20)
127.0.0.1 - - [05/Aug/2019:11:36:38 +0800] "GET /nacos/v1/ns/instance/list?healthyOnly=false&namespaceId=327695a5-9f75-405d-99bf-e46b51f6be0f&clientIP=192.168.10.55&serviceName=DEFAULT_GROUP%40%40product-service&udpPort=61574&encoding=UTF-8 HTTP/1.1" 200 580 7 Nacos-Java-Client:v1.0.0
127.0.0.1 - - [05/Aug/2019:11:36:39 +0800] "PUT /nacos/v1/ns/instance/beat?beat=%7B%22cluster%22%3A%22DEFAULT%22%2C%22ip%22%3A%22192.168.10.55%22%2C%22metadata%22%3A%7B%22preserved.register.source%22%3A%22SPRING_CLOUD%22%7D%2C%22port%22%3A8750%2C%22scheduled%22%3Atrue%2C%22serviceName%22%3A%22DEFAULT_GROUP%40%40product-service%22%2C%22weight%22%3A1.0%7D&serviceName=DEFAULT_GROUP%40%40product-service&encoding=UTF-8&namespaceId=327695a5-9f75-405d-99bf-e46b51f6be0f HTTP/1.1" 200 38 3 Nacos-Java-Client:v1.0.0
192.168.10.55 - - [05/Aug/2019:11:36:43 +0800] "GET /nacos/v1/cs/health HTTP/1.1" 200 2 6 Apache-HttpAsyncClient/4.1.3 (Java/1.8.0_20)
127.0.0.1 - - [05/Aug/2019:11:36:44 +0800] "PUT /nacos/v1/ns/instance/beat?beat=%7B%22cluster%22%3A%22DEFAULT%22%2C%22ip%22%3A%22192.168.10.55%22%2C%22metadata%22%3A%7B%22preserved.register.source%22%3A%22SPRING_CLOUD%22%7D%2C%22port%22%3A8750%2C%22scheduled%22%3Atrue%2C%22serviceName%22%3A%22DEFAULT_GROUP%40%40product-service%22%2C%22weight%22%3A1.0%7D&serviceName=DEFAULT_GROUP%40%40product-service&encoding=UTF-8&namespaceId=327695a5-9f75-405d-99bf-e46b51f6be0f HTTP/1.1" 200 38 7 Nacos-Java-Client:v1.0.0
192.168.10.55 - - [05/Aug/2019:11:36:48 +0800] "GET /nacos/v1/cs/health HTTP/1.1" 200 2 5 Apache-HttpAsyncClient/4.1.3 (Java/1.8.0_20)
127.0.0.1 - - [05/Aug/2019:11:36:48 +0800] "GET /nacos/v1/ns/instance/list?healthyOnly=false&namespaceId=327695a5-9f75-405d-99bf-e46b51f6be0f&clientIP=192.168.10.55&serviceName=DEFAULT_GROUP%40%40product-service&udpPort=61574&encoding=UTF-8 HTTP/1.1" 200 580 6 Nacos-Java-Client:v1.0.0
127.0.0.1 - - [05/Aug/2019:11:36:49 +0800] "PUT /nacos/v1/ns/instance/beat?beat=%7B%22cluster%22%3A%22DEFAULT%22%2C%22ip%22%3A%22192.168.10.55%22%2C%22metadata%22%3A%7B%22preserved.register.source%22%3A%22SPRING_CLOUD%22%7D%2C%22port%22%3A8750%2C%22scheduled%22%3Atrue%2C%22serviceName%22%3A%22DEFAULT_GROUP%40%40product-service%22%2C%22weight%22%3A1.0%7D&serviceName=DEFAULT_GROUP%40%40product-service&encoding=UTF-8&namespaceId=327695a5-9f75-405d-99bf-e46b51f6be0f HTTP/1.1" 200 38 8 Nacos-Java-Client:v1.0.0
192.168.10.55 - - [05/Aug/2019:11:36:53 +0800] "GET /nacos/v1/cs/health HTTP/1.1" 200 2 5 Apache-HttpAsyncClient/4.1.3 (Java/1.8.0_20)
127.0.0.1 - - [05/Aug/2019:11:36:54 +0800] "PUT /nacos/v1/ns/instance/beat?beat=%7B%22cluster%22%3A%22DEFAULT%22%2C%22ip%22%3A%22192.168.10.55%22%2C%22metadata%22%3A%7B%22preserved.register.source%22%3A%22SPRING_CLOUD%22%7D%2C%22port%22%3A8750%2C%22scheduled%22%3Atrue%2C%22serviceName%22%3A%22DEFAULT_GROUP%40%40product-service%22%2C%22weight%22%3A1.0%7D&serviceName=DEFAULT_GROUP%40%40product-service&encoding=UTF-8&namespaceId=327695a5-9f75-405d-99bf-e46b51f6be0f HTTP/1.1" 200 38 12 Nacos-Java-Client:v1.0.0
127.0.0.1 - - [05/Aug/2019:11:36:56 +0800] "POST /nacos/v1/cs/configs/listener HTTP/1.1" 200 - 29505 Java/1.8.0_202
127.0.0.1 - - [05/Aug/2019:11:36:57 +0800] "GET /nacos/v1/ns/service/list?pageSize=2147483647&groupName=DEFAULT_GROUP&encoding=UTF-8&namespaceId=327695a5-9f75-405d-99bf-e46b51f6be0f&pageNo=1 HTTP/1.1" 200 49 9 Nacos-Java-Client:v1.0.0
192.168.10.55 - - [05/Aug/2019:11:36:58 +0800] "GET /nacos/v1/cs/health HTTP/1.1" 200 2 3 Apache-HttpAsyncClient/4.1.3 (Java/1.8.0_20)
127.0.0.1 - - [05/Aug/2019:11:36:58 +0800] "GET /nacos/v1/ns/instance/list?healthyOnly=false&namespaceId=327695a5-9f75-405d-99bf-e46b51f6be0f&clientIP=192.168.10.55&serviceName=DEFAULT_GROUP%40%40product-service&udpPort=61574&encoding=UTF-8 HTTP/1.1" 200 580 3 Nacos-Java-Client:v1.0.0
127.0.0.1 - - [05/Aug/2019:11:36:59 +0800] "PUT /nacos/v1/ns/instance/beat?beat=%7B%22cluster%22%3A%22DEFAULT%22%2C%22ip%22%3A%22192.168.10.55%22%2C%22metadata%22%3A%7B%22preserved.register.source%22%3A%22SPRING_CLOUD%22%7D%2C%22port%22%3A8750%2C%22scheduled%22%3Atrue%2C%22serviceName%22%3A%22DEFAULT_GROUP%40%40product-service%22%2C%22weight%22%3A1.0%7D&serviceName=DEFAULT_GROUP%40%40product-service&encoding=UTF-8&namespaceId=327695a5-9f75-405d-99bf-e46b51f6be0f HTTP/1.1" 200 38 5 Nacos-Java-Client:v1.0.0
192.168.10.55 - - [05/Aug/2019:11:37:03 +0800] "GET /nacos/v1/cs/health HTTP/1.1" 200 2 5 Apache-HttpAsyncClient/4.1.3 (Java/1.8.0_20)
127.0.0.1 - - [05/Aug/2019:11:37:04 +0800] "PUT /nacos/v1/ns/instance/beat?beat=%7B%22cluster%22%3A%22DEFAULT%22%2C%22ip%22%3A%22192.168.10.55%22%2C%22metadata%22%3A%7B%22preserved.register.source%22%3A%22SPRING_CLOUD%22%7D%2C%22port%22%3A8750%2C%22scheduled%22%3Atrue%2C%22serviceName%22%3A%22DEFAULT_GROUP%40%40product-service%22%2C%22weight%22%3A1.0%7D&serviceName=DEFAULT_GROUP%40%40product-service&encoding=UTF-8&namespaceId=327695a5-9f75-405d-99bf-e46b51f6be0f HTTP/1.1" 200 38 11 Nacos-Java-Client:v1.0.0
192.168.10.55 - - [05/Aug/2019:11:37:08 +0800] "GET /nacos/v1/cs/health HTTP/1.1" 200 2 8 Apache-HttpAsyncClient/4.1.3 (Java/1.8.0_20)
127.0.0.1 - - [05/Aug/2019:11:37:08 +0800] "GET /nacos/v1/ns/instance/list?healthyOnly=false&namespaceId=327695a5-9f75-405d-99bf-e46b51f6be0f&clientIP=192.168.10.55&serviceName=DEFAULT_GROUP%40%40product-service&udpPort=61574&encoding=UTF-8 HTTP/1.1" 200 580 6 Nacos-Java-Client:v1.0.0
127.0.0.1 - - [05/Aug/2019:11:37:09 +0800] "PUT /nacos/v1/ns/instance/beat?beat=%7B%22cluster%22%3A%22DEFAULT%22%2C%22ip%22%3A%22192.168.10.55%22%2C%22metadata%22%3A%7B%22preserved.register.source%22%3A%22SPRING_CLOUD%22%7D%2C%22port%22%3A8750%2C%22scheduled%22%3Atrue%2C%22serviceName%22%3A%22DEFAULT_GROUP%40%40product-service%22%2C%22weight%22%3A1.0%7D&serviceName=DEFAULT_GROUP%40%40product-service&encoding=UTF-8&namespaceId=327695a5-9f75-405d-99bf-e46b51f6be0f HTTP/1.1" 200 38 3 Nacos-Java-Client:v1.0.0
192.168.10.55 - - [05/Aug/2019:11:37:13 +0800] "GET /nacos/v1/cs/health HTTP/1.1" 200 2 5 Apache-HttpAsyncClient/4.1.3 (Java/1.8.0_20)
127.0.0.1 - - [05/Aug/2019:11:37:14 +0800] "PUT /nacos/v1/ns/instance/beat?beat=%7B%22cluster%22%3A%22DEFAULT%22%2C%22ip%22%3A%22192.168.10.55%22%2C%22metadata%22%3A%7B%22preserved.register.source%22%3A%22SPRING_CLOUD%22%7D%2C%22port%22%3A8750%2C%22scheduled%22%3Atrue%2C%22serviceName%22%3A%22DEFAULT_GROUP%40%40product-service%22%2C%22weight%22%3A1.0%7D&serviceName=DEFAULT_GROUP%40%40product-service&encoding=UTF-8&namespaceId=327695a5-9f75-405d-99bf-e46b51f6be0f HTTP/1.1" 200 38 4 Nacos-Java-Client:v1.0.0
192.168.10.55 - - [05/Aug/2019:11:37:18 +0800] "GET /nacos/v1/cs/health HTTP/1.1" 200 2 3 Apache-HttpAsyncClient/4.1.3 (Java/1.8.0_20)
127.0.0.1 - - [05/Aug/2019:11:37:18 +0800] "GET /nacos/v1/ns/instance/list?healthyOnly=false&namespaceId=327695a5-9f75-405d-99bf-e46b51f6be0f&clientIP=192.168.10.55&serviceName=DEFAULT_GROUP%40%40product-service&udpPort=61574&encoding=UTF-8 HTTP/1.1" 200 580 6 Nacos-Java-Client:v1.0.0
127.0.0.1 - - [05/Aug/2019:11:37:19 +0800] "PUT /nacos/v1/ns/instance/beat?beat=%7B%22cluster%22%3A%22DEFAULT%22%2C%22ip%22%3A%22192.168.10.55%22%2C%22metadata%22%3A%7B%22preserved.register.source%22%3A%22SPRING_CLOUD%22%7D%2C%22port%22%3A8750%2C%22scheduled%22%3Atrue%2C%22serviceName%22%3A%22DEFAULT_GROUP%40%40product-service%22%2C%22weight%22%3A1.0%7D&serviceName=DEFAULT_GROUP%40%40product-service&encoding=UTF-8&namespaceId=327695a5-9f75-405d-99bf-e46b51f6be0f HTTP/1.1" 200 38 3 Nacos-Java-Client:v1.0.0
192.168.10.55 - - [05/Aug/2019:11:37:23 +0800] "GET /nacos/v1/cs/health HTTP/1.1" 200 2 5 Apache-HttpAsyncClient/4.1.3 (Java/1.8.0_20)
127.0.0.1 - - [05/Aug/2019:11:37:24 +0800] "PUT /nacos/v1/ns/instance/beat?beat=%7B%22cluster%22%3A%22DEFAULT%22%2C%22ip%22%3A%22192.168.10.55%22%2C%22metadata%22%3A%7B%22preserved.register.source%22%3A%22SPRING_CLOUD%22%7D%2C%22port%22%3A8750%2C%22scheduled%22%3Atrue%2C%22serviceName%22%3A%22DEFAULT_GROUP%40%40product-service%22%2C%22weight%22%3A1.0%7D&serviceName=DEFAULT_GROUP%40%40product-service&encoding=UTF-8&namespaceId=327695a5-9f75-405d-99bf-e46b51f6be0f HTTP/1.1" 200 38 5 Nacos-Java-Client:v1.0.0
127.0.0.1 - - [05/Aug/2019:11:37:26 +0800] "POST /nacos/v1/cs/configs/listener HTTP/1.1" 200 - 29504 Java/1.8.0_202
127.0.0.1 - - [05/Aug/2019:11:37:27 +0800] "GET /nacos/v1/ns/service/list?pageSize=2147483647&groupName=DEFAULT_GROUP&encoding=UTF-8&namespaceId=327695a5-9f75-405d-99bf-e46b51f6be0f&pageNo=1 HTTP/1.1" 200 49 9 Nacos-Java-Client:v1.0.0
192.168.10.55 - - [05/Aug/2019:11:37:28 +0800] "GET /nacos/v1/cs/health HTTP/1.1" 200 2 5 Apache-HttpAsyncClient/4.1.3 (Java/1.8.0_20)
127.0.0.1 - - [05/Aug/2019:11:37:28 +0800] "GET /nacos/v1/ns/instance/list?healthyOnly=false&namespaceId=327695a5-9f75-405d-99bf-e46b51f6be0f&clientIP=192.168.10.55&serviceName=DEFAULT_GROUP%40%40product-service&udpPort=61574&encoding=UTF-8 HTTP/1.1" 200 580 6 Nacos-Java-Client:v1.0.0
127.0.0.1 - - [05/Aug/2019:11:37:29 +0800] "PUT /nacos/v1/ns/instance/beat?beat=%7B%22cluster%22%3A%22DEFAULT%22%2C%22ip%22%3A%22192.168.10.55%22%2C%22metadata%22%3A%7B%22preserved.register.source%22%3A%22SPRING_CLOUD%22%7D%2C%22port%22%3A8750%2C%22scheduled%22%3Atrue%2C%22serviceName%22%3A%22DEFAULT_GROUP%40%40product-service%22%2C%22weight%22%3A1.0%7D&serviceName=DEFAULT_GROUP%40%40product-service&encoding=UTF-8&namespaceId=327695a5-9f75-405d-99bf-e46b51f6be0f HTTP/1.1" 200 38 11 Nacos-Java-Client:v1.0.0
192.168.10.55 - - [05/Aug/2019:11:37:33 +0800] "GET /nacos/v1/cs/health HTTP/1.1" 200 2 5 Apache-HttpAsyncClient/4.1.3 (Java/1.8.0_20)
127.0.0.1 - - [05/Aug/2019:11:37:34 +0800] "PUT /nacos/v1/ns/instance/beat?beat=%7B%22cluster%22%3A%22DEFAULT%22%2C%22ip%22%3A%22192.168.10.55%22%2C%22metadata%22%3A%7B%22preserved.register.source%22%3A%22SPRING_CLOUD%22%7D%2C%22port%22%3A8750%2C%22scheduled%22%3Atrue%2C%22serviceName%22%3A%22DEFAULT_GROUP%40%40product-service%22%2C%22weight%22%3A1.0%7D&serviceName=DEFAULT_GROUP%40%40product-service&encoding=UTF-8&namespaceId=327695a5-9f75-405d-99bf-e46b51f6be0f HTTP/1.1" 200 38 9 Nacos-Java-Client:v1.0.0
192.168.10.55 - - [05/Aug/2019:11:37:38 +0800] "GET /nacos/v1/cs/health HTTP/1.1" 200 2 8 Apache-HttpAsyncClient/4.1.3 (Java/1.8.0_20)
127.0.0.1 - - [05/Aug/2019:11:37:38 +0800] "GET /nacos/v1/ns/instance/list?healthyOnly=false&namespaceId=327695a5-9f75-405d-99bf-e46b51f6be0f&clientIP=192.168.10.55&serviceName=DEFAULT_GROUP%40%40product-service&udpPort=61574&encoding=UTF-8 HTTP/1.1" 200 580 2 Nacos-Java-Client:v1.0.0
127.0.0.1 - - [05/Aug/2019:11:37:39 +0800] "PUT /nacos/v1/ns/instance/beat?beat=%7B%22cluster%22%3A%22DEFAULT%22%2C%22ip%22%3A%22192.168.10.55%22%2C%22metadata%22%3A%7B%22preserved.register.source%22%3A%22SPRING_CLOUD%22%7D%2C%22port%22%3A8750%2C%22scheduled%22%3Atrue%2C%22serviceName%22%3A%22DEFAULT_GROUP%40%40product-service%22%2C%22weight%22%3A1.0%7D&serviceName=DEFAULT_GROUP%40%40product-service&encoding=UTF-8&namespaceId=327695a5-9f75-405d-99bf-e46b51f6be0f HTTP/1.1" 200 38 7 Nacos-Java-Client:v1.0.0
127.0.0.1 - - [05/Aug/2019:11:37:39 +0800] "DELETE /nacos/v1/ns/instance?namespaceId=327695a5-9f75-405d-99bf-e46b51f6be0f&port=8750&clusterName=DEFAULT&ip=192.168.10.55&ephemeral=true&serviceName=DEFAULT_GROUP%40%40product-service&encoding=UTF-8 HTTP/1.1" 200 2 5 Nacos-Java-Client:v1.0.0
192.168.10.55 - - [05/Aug/2019:11:37:43 +0800] "GET /nacos/v1/cs/health HTTP/1.1" 200 2 6 Apache-HttpAsyncClient/4.1.3 (Java/1.8.0_20)
127.0.0.1 - - [05/Aug/2019:11:37:46 +0800] "GET /nacos/v1/cs/configs?dataId=common-config.yml&group=DEFAULT_GROUP&tenant=327695a5-9f75-405d-99bf-e46b51f6be0f HTTP/1.1" 200 445 5 Java/1.8.0_202
127.0.0.1 - - [05/Aug/2019:11:37:46 +0800] "GET /nacos/v1/cs/configs?dataId=rabbitmq-config.yml&group=DEFAULT_GROUP&tenant=327695a5-9f75-405d-99bf-e46b51f6be0f HTTP/1.1" 200 255 2 Java/1.8.0_202
127.0.0.1 - - [05/Aug/2019:11:37:46 +0800] "GET /nacos/v1/cs/configs?dataId=common-config.yml&group=DEFAULT_GROUP&tenant=327695a5-9f75-405d-99bf-e46b51f6be0f HTTP/1.1" 200 445 2 Java/1.8.0_202
127.0.0.1 - - [05/Aug/2019:11:37:46 +0800] "GET /nacos/v1/cs/configs?dataId=rabbitmq-config.yml&group=DEFAULT_GROUP&tenant=327695a5-9f75-405d-99bf-e46b51f6be0f HTTP/1.1" 200 255 2 Java/1.8.0_202
127.0.0.1 - - [05/Aug/2019:11:37:46 +0800] "GET /nacos/v1/cs/configs?dataId=product-service.yml&group=DEFAULT_GROUP&tenant=327695a5-9f75-405d-99bf-e46b51f6be0f HTTP/1.1" 200 321 2 Java/1.8.0_202
127.0.0.1 - - [05/Aug/2019:11:37:46 +0800] "GET /nacos/v1/cs/configs?dataId=product-service-dev.yml&group=DEFAULT_GROUP&tenant=327695a5-9f75-405d-99bf-e46b51f6be0f HTTP/1.1" 404 23 1 Java/1.8.0_202
192.168.10.55 - - [05/Aug/2019:11:37:48 +0800] "GET /nacos/v1/cs/health HTTP/1.1" 200 2 2 Apache-HttpAsyncClient/4.1.3 (Java/1.8.0_20)
192.168.10.55 - - [05/Aug/2019:11:37:53 +0800] "GET /nacos/v1/cs/health HTTP/1.1" 200 2 3 Apache-HttpAsyncClient/4.1.3 (Java/1.8.0_20)
127.0.0.1 - - [05/Aug/2019:11:37:55 +0800] "POST /nacos/v1/cs/configs/listener HTTP/1.1" 500 - 29503 Java/1.8.0_202
192.168.10.55 - - [05/Aug/2019:11:37:58 +0800] "GET /nacos/v1/cs/health HTTP/1.1" 200 2 5 Apache-HttpAsyncClient/4.1.3 (Java/1.8.0_20)
192.168.10.55 - - [05/Aug/2019:11:38:03 +0800] "GET /nacos/v1/cs/health HTTP/1.1" 200 2 2 Apache-HttpAsyncClient/4.1.3 (Java/1.8.0_20)
127.0.0.1 - - [05/Aug/2019:11:38:04 +0800] "GET /nacos/v1/cs/configs?dataId=common-config.yml&group=DEFAULT_GROUP&tenant=327695a5-9f75-405d-99bf-e46b51f6be0f HTTP/1.1" 200 445 2 Java/1.8.0_202
127.0.0.1 - - [05/Aug/2019:11:38:04 +0800] "GET /nacos/v1/cs/configs?dataId=rabbitmq-config.yml&group=DEFAULT_GROUP&tenant=327695a5-9f75-405d-99bf-e46b51f6be0f HTTP/1.1" 200 255 3 Java/1.8.0_202
127.0.0.1 - - [05/Aug/2019:11:38:04 +0800] "GET /nacos/v1/cs/configs?dataId=common-config.yml&group=DEFAULT_GROUP&tenant=327695a5-9f75-405d-99bf-e46b51f6be0f HTTP/1.1" 200 445 3 Java/1.8.0_202
127.0.0.1 - - [05/Aug/2019:11:38:04 +0800] "GET /nacos/v1/cs/configs?dataId=rabbitmq-config.yml&group=DEFAULT_GROUP&tenant=327695a5-9f75-405d-99bf-e46b51f6be0f HTTP/1.1" 200 255 3 Java/1.8.0_202
127.0.0.1 - - [05/Aug/2019:11:38:04 +0800] "GET /nacos/v1/cs/configs?dataId=product-service.yml&group=DEFAULT_GROUP&tenant=327695a5-9f75-405d-99bf-e46b51f6be0f HTTP/1.1" 200 321 3 Java/1.8.0_202
127.0.0.1 - - [05/Aug/2019:11:38:04 +0800] "GET /nacos/v1/cs/configs?dataId=product-service-dev.yml&group=DEFAULT_GROUP&tenant=327695a5-9f75-405d-99bf-e46b51f6be0f HTTP/1.1" 404 23 7 Java/1.8.0_202
127.0.0.1 - - [05/Aug/2019:11:38:04 +0800] "POST /nacos/v1/cs/configs/listener HTTP/1.1" 200 - 3 Java/1.8.0_202
127.0.0.1 - - [05/Aug/2019:11:38:05 +0800] "GET /nacos/v1/ns/service/list?pageSize=2147483647&groupName=DEFAULT_GROUP&encoding=UTF-8&namespaceId=327695a5-9f75-405d-99bf-e46b51f6be0f&pageNo=1 HTTP/1.1" 200 49 14 Nacos-Java-Client:v1.0.0
127.0.0.1 - - [05/Aug/2019:11:38:05 +0800] "GET /nacos/v1/ns/instance/list?healthyOnly=false&namespaceId=327695a5-9f75-405d-99bf-e46b51f6be0f&clientIP=192.168.10.55&serviceName=DEFAULT_GROUP%40%40product-service&udpPort=60334&encoding=UTF-8 HTTP/1.1" 200 257 3 Nacos-Java-Client:v1.0.0
127.0.0.1 - - [05/Aug/2019:11:38:05 +0800] "GET /nacos/v1/cs/configs?dataId=common-config.yml&group=DEFAULT_GROUP&tenant=327695a5-9f75-405d-99bf-e46b51f6be0f HTTP/1.1" 200 445 2 Java/1.8.0_202
127.0.0.1 - - [05/Aug/2019:11:38:05 +0800] "GET /nacos/v1/cs/configs?dataId=rabbitmq-config.yml&group=DEFAULT_GROUP&tenant=327695a5-9f75-405d-99bf-e46b51f6be0f HTTP/1.1" 200 255 3 Java/1.8.0_202
127.0.0.1 - - [05/Aug/2019:11:38:05 +0800] "GET /nacos/v1/cs/configs?dataId=common-config.yml&group=DEFAULT_GROUP&tenant=327695a5-9f75-405d-99bf-e46b51f6be0f HTTP/1.1" 200 445 2 Java/1.8.0_202
127.0.0.1 - - [05/Aug/2019:11:38:05 +0800] "GET /nacos/v1/cs/configs?dataId=rabbitmq-config.yml&group=DEFAULT_GROUP&tenant=327695a5-9f75-405d-99bf-e46b51f6be0f HTTP/1.1" 200 255 3 Java/1.8.0_202
127.0.0.1 - - [05/Aug/2019:11:38:05 +0800] "GET /nacos/v1/cs/configs?dataId=product-service.yml&group=DEFAULT_GROUP&tenant=327695a5-9f75-405d-99bf-e46b51f6be0f HTTP/1.1" 200 321 3 Java/1.8.0_202
127.0.0.1 - - [05/Aug/2019:11:38:05 +0800] "GET /nacos/v1/cs/configs?dataId=product-service-dev.yml&group=DEFAULT_GROUP&tenant=327695a5-9f75-405d-99bf-e46b51f6be0f HTTP/1.1" 404 23 2 Java/1.8.0_202
127.0.0.1 - - [05/Aug/2019:11:38:06 +0800] "POST /nacos/v1/ns/instance?groupName=DEFAULT_GROUP&metadata=%7B%22preserved.register.source%22%3A%22SPRING_CLOUD%22%7D&namespaceId=327695a5-9f75-405d-99bf-e46b51f6be0f&port=8750&enable=true&healthy=true&clusterName=DEFAULT&ip=192.168.10.55&weight=1.0&ephemeral=true&serviceName=DEFAULT_GROUP%40%40product-service&encoding=UTF-8 HTTP/1.1" 200 2 10 Nacos-Java-Client:v1.0.0
127.0.0.1 - - [05/Aug/2019:11:38:06 +0800] "GET /nacos/v1/ns/instance/list?healthyOnly=false&namespaceId=327695a5-9f75-405d-99bf-e46b51f6be0f&clientIP=192.168.10.55&serviceName=DEFAULT_GROUP%40%40product-service&udpPort=60334&encoding=UTF-8 HTTP/1.1" 200 580 2 Nacos-Java-Client:v1.0.0
127.0.0.1 - - [05/Aug/2019:11:38:06 +0800] "GET /nacos/v1/cs/configs?dataId=common-config.yml&group=DEFAULT_GROUP&tenant=327695a5-9f75-405d-99bf-e46b51f6be0f HTTP/1.1" 200 445 8 Java/1.8.0_202
127.0.0.1 - - [05/Aug/2019:11:38:06 +0800] "GET /nacos/v1/cs/configs?dataId=rabbitmq-config.yml&group=DEFAULT_GROUP&tenant=327695a5-9f75-405d-99bf-e46b51f6be0f HTTP/1.1" 200 255 2 Java/1.8.0_202
127.0.0.1 - - [05/Aug/2019:11:38:06 +0800] "GET /nacos/v1/cs/configs?dataId=common-config.yml&group=DEFAULT_GROUP&tenant=327695a5-9f75-405d-99bf-e46b51f6be0f HTTP/1.1" 200 445 5 Java/1.8.0_202
127.0.0.1 - - [05/Aug/2019:11:38:06 +0800] "GET /nacos/v1/cs/configs?dataId=rabbitmq-config.yml&group=DEFAULT_GROUP&tenant=327695a5-9f75-405d-99bf-e46b51f6be0f HTTP/1.1" 200 255 2 Java/1.8.0_202
127.0.0.1 - - [05/Aug/2019:11:38:06 +0800] "GET /nacos/v1/cs/configs?dataId=product-service.yml&group=DEFAULT_GROUP&tenant=327695a5-9f75-405d-99bf-e46b51f6be0f HTTP/1.1" 200 321 2 Java/1.8.0_202
127.0.0.1 - - [05/Aug/2019:11:38:06 +0800] "GET /nacos/v1/cs/configs?dataId=product-service-dev.yml&group=DEFAULT_GROUP&tenant=327695a5-9f75-405d-99bf-e46b51f6be0f HTTP/1.1" 404 23 5 Java/1.8.0_202
127.0.0.1 - - [05/Aug/2019:11:38:06 +0800] "GET /nacos/v1/cs/configs?dataId=common-config.yml&group=DEFAULT_GROUP&tenant=327695a5-9f75-405d-99bf-e46b51f6be0f HTTP/1.1" 200 445 2 Java/1.8.0_202
127.0.0.1 - - [05/Aug/2019:11:38:06 +0800] "GET /nacos/v1/cs/configs?dataId=rabbitmq-config.yml&group=DEFAULT_GROUP&tenant=327695a5-9f75-405d-99bf-e46b51f6be0f HTTP/1.1" 200 255 2 Java/1.8.0_202
127.0.0.1 - - [05/Aug/2019:11:38:06 +0800] "GET /nacos/v1/cs/configs?dataId=common-config.yml&group=DEFAULT_GROUP&tenant=327695a5-9f75-405d-99bf-e46b51f6be0f HTTP/1.1" 200 445 2 Java/1.8.0_202
127.0.0.1 - - [05/Aug/2019:11:38:06 +0800] "GET /nacos/v1/cs/configs?dataId=rabbitmq-config.yml&group=DEFAULT_GROUP&tenant=327695a5-9f75-405d-99bf-e46b51f6be0f HTTP/1.1" 200 255 2 Java/1.8.0_202
127.0.0.1 - - [05/Aug/2019:11:38:06 +0800] "GET /nacos/v1/cs/configs?dataId=product-service.yml&group=DEFAULT_GROUP&tenant=327695a5-9f75-405d-99bf-e46b51f6be0f HTTP/1.1" 200 321 3 Java/1.8.0_202
127.0.0.1 - - [05/Aug/2019:11:38:06 +0800] "GET /nacos/v1/cs/configs?dataId=product-service-dev.yml&group=DEFAULT_GROUP&tenant=327695a5-9f75-405d-99bf-e46b51f6be0f HTTP/1.1" 404 23 1 Java/1.8.0_202
127.0.0.1 - - [05/Aug/2019:11:38:08 +0800] "PUT /nacos/v1/ns/instance/beat?beat=%7B%22cluster%22%3A%22DEFAULT%22%2C%22ip%22%3A%22192.168.10.55%22%2C%22metadata%22%3A%7B%22preserved.register.source%22%3A%22SPRING_CLOUD%22%7D%2C%22port%22%3A8750%2C%22scheduled%22%3Atrue%2C%22serviceName%22%3A%22DEFAULT_GROUP%40%40product-service%22%2C%22weight%22%3A1.0%7D&serviceName=DEFAULT_GROUP%40%40product-service&encoding=UTF-8&namespaceId=327695a5-9f75-405d-99bf-e46b51f6be0f HTTP/1.1" 200 38 9 Nacos-Java-Client:v1.0.0
192.168.10.55 - - [05/Aug/2019:11:38:08 +0800] "GET /nacos/v1/cs/health HTTP/1.1" 200 2 5 Apache-HttpAsyncClient/4.1.3 (Java/1.8.0_20)
192.168.10.55 - - [05/Aug/2019:11:38:13 +0800] "GET /nacos/v1/cs/health HTTP/1.1" 200 2 4 Apache-HttpAsyncClient/4.1.3 (Java/1.8.0_20)
127.0.0.1 - - [05/Aug/2019:11:38:13 +0800] "PUT /nacos/v1/ns/instance/beat?beat=%7B%22cluster%22%3A%22DEFAULT%22%2C%22ip%22%3A%22192.168.10.55%22%2C%22metadata%22%3A%7B%22preserved.register.source%22%3A%22SPRING_CLOUD%22%7D%2C%22port%22%3A8750%2C%22scheduled%22%3Atrue%2C%22serviceName%22%3A%22DEFAULT_GROUP%40%40product-service%22%2C%22weight%22%3A1.0%7D&serviceName=DEFAULT_GROUP%40%40product-service&encoding=UTF-8&namespaceId=327695a5-9f75-405d-99bf-e46b51f6be0f HTTP/1.1" 200 38 7 Nacos-Java-Client:v1.0.0
127.0.0.1 - - [05/Aug/2019:11:38:16 +0800] "GET /nacos/v1/ns/instance/list?healthyOnly=false&namespaceId=327695a5-9f75-405d-99bf-e46b51f6be0f&clientIP=192.168.10.55&serviceName=DEFAULT_GROUP%40%40product-service&udpPort=60334&encoding=UTF-8 HTTP/1.1" 200 580 2 Nacos-Java-Client:v1.0.0
0:0:0:0:0:0:0:1 - - [05/Aug/2019:11:38:16 +0800] "GET /nacos/v1/console/server/state HTTP/1.1" 200 82 4 Mozilla/5.0 (Windows NT 6.1; Win64; x64) AppleWebKit/537.36 (KHTML, like Gecko) Chrome/73.0.3683.86 Safari/537.36
0:0:0:0:0:0:0:1 - - [05/Aug/2019:11:38:16 +0800] "GET /nacos/v1/cs/configs?dataId=product-service.yml&group=DEFAULT_GROUP&namespaceId=327695a5-9f75-405d-99bf-e46b51f6be0f&tenant=327695a5-9f75-405d-99bf-e46b51f6be0f&beta=true HTTP/1.1" 200 60 9 Mozilla/5.0 (Windows NT 6.1; Win64; x64) AppleWebKit/537.36 (KHTML, like Gecko) Chrome/73.0.3683.86 Safari/537.36
0:0:0:0:0:0:0:1 - - [05/Aug/2019:11:38:17 +0800] "GET /nacos/v1/cs/configs?dataId=product-service.yml&group=DEFAULT_GROUP&namespaceId=327695a5-9f75-405d-99bf-e46b51f6be0f&tenant=327695a5-9f75-405d-99bf-e46b51f6be0f&show=all HTTP/1.1" 200 736 12 Mozilla/5.0 (Windows NT 6.1; Win64; x64) AppleWebKit/537.36 (KHTML, like Gecko) Chrome/73.0.3683.86 Safari/537.36
127.0.0.1 - - [05/Aug/2019:11:38:18 +0800] "PUT /nacos/v1/ns/instance/beat?beat=%7B%22cluster%22%3A%22DEFAULT%22%2C%22ip%22%3A%22192.168.10.55%22%2C%22metadata%22%3A%7B%22preserved.register.source%22%3A%22SPRING_CLOUD%22%7D%2C%22port%22%3A8750%2C%22scheduled%22%3Atrue%2C%22serviceName%22%3A%22DEFAULT_GROUP%40%40product-service%22%2C%22weight%22%3A1.0%7D&serviceName=DEFAULT_GROUP%40%40product-service&encoding=UTF-8&namespaceId=327695a5-9f75-405d-99bf-e46b51f6be0f HTTP/1.1" 200 38 8 Nacos-Java-Client:v1.0.0
192.168.10.55 - - [05/Aug/2019:11:38:18 +0800] "GET /nacos/v1/cs/health HTTP/1.1" 200 2 5 Apache-HttpAsyncClient/4.1.3 (Java/1.8.0_20)
0:0:0:0:0:0:0:1 - - [05/Aug/2019:11:38:19 +0800] "GET /nacos/v1/console/namespaces?namespaceId=327695a5-9f75-405d-99bf-e46b51f6be0f HTTP/1.1" 200 480 22 Mozilla/5.0 (Windows NT 6.1; Win64; x64) AppleWebKit/537.36 (KHTML, like Gecko) Chrome/73.0.3683.86 Safari/537.36
0:0:0:0:0:0:0:1 - - [05/Aug/2019:11:38:19 +0800] "GET /nacos/v1/cs/configs?search=accurate&dataId=&group=&appName=&config_tags=&pageNo=1&pageSize=10&tenant=327695a5-9f75-405d-99bf-e46b51f6be0f&namespaceId=327695a5-9f75-405d-99bf-e46b51f6be0f HTTP/1.1" 200 1847 10 Mozilla/5.0 (Windows NT 6.1; Win64; x64) AppleWebKit/537.36 (KHTML, like Gecko) Chrome/73.0.3683.86 Safari/537.36
0:0:0:0:0:0:0:1 - - [05/Aug/2019:11:38:21 +0800] "GET /nacos/v1/ns/catalog/services?withInstances=false&pageNo=1&pageSize=10&keyword=&namespaceId=327695a5-9f75-405d-99bf-e46b51f6be0f HTTP/1.1" 200 147 5 Mozilla/5.0 (Windows NT 6.1; Win64; x64) AppleWebKit/537.36 (KHTML, like Gecko) Chrome/73.0.3683.86 Safari/537.36
127.0.0.1 - - [05/Aug/2019:11:38:23 +0800] "PUT /nacos/v1/ns/instance/beat?beat=%7B%22cluster%22%3A%22DEFAULT%22%2C%22ip%22%3A%22192.168.10.55%22%2C%22metadata%22%3A%7B%22preserved.register.source%22%3A%22SPRING_CLOUD%22%7D%2C%22port%22%3A8750%2C%22scheduled%22%3Atrue%2C%22serviceName%22%3A%22DEFAULT_GROUP%40%40product-service%22%2C%22weight%22%3A1.0%7D&serviceName=DEFAULT_GROUP%40%40product-service&encoding=UTF-8&namespaceId=327695a5-9f75-405d-99bf-e46b51f6be0f HTTP/1.1" 200 38 5 Nacos-Java-Client:v1.0.0
192.168.10.55 - - [05/Aug/2019:11:38:23 +0800] "GET /nacos/v1/cs/health HTTP/1.1" 200 2 2 Apache-HttpAsyncClient/4.1.3 (Java/1.8.0_20)
0:0:0:0:0:0:0:1 - - [05/Aug/2019:11:38:24 +0800] "GET /nacos/v1/cs/configs?search=accurate&dataId=&group=&appName=&config_tags=&pageNo=1&pageSize=10&tenant=327695a5-9f75-405d-99bf-e46b51f6be0f&namespaceId=327695a5-9f75-405d-99bf-e46b51f6be0f HTTP/1.1" 200 1847 14 Mozilla/5.0 (Windows NT 6.1; Win64; x64) AppleWebKit/537.36 (KHTML, like Gecko) Chrome/73.0.3683.86 Safari/537.36
127.0.0.1 - - [05/Aug/2019:11:38:26 +0800] "GET /nacos/v1/ns/instance/list?healthyOnly=false&namespaceId=327695a5-9f75-405d-99bf-e46b51f6be0f&clientIP=192.168.10.55&serviceName=DEFAULT_GROUP%40%40product-service&udpPort=60334&encoding=UTF-8 HTTP/1.1" 200 580 5 Nacos-Java-Client:v1.0.0
127.0.0.1 - - [05/Aug/2019:11:38:28 +0800] "PUT /nacos/v1/ns/instance/beat?beat=%7B%22cluster%22%3A%22DEFAULT%22%2C%22ip%22%3A%22192.168.10.55%22%2C%22metadata%22%3A%7B%22preserved.register.source%22%3A%22SPRING_CLOUD%22%7D%2C%22port%22%3A8750%2C%22scheduled%22%3Atrue%2C%22serviceName%22%3A%22DEFAULT_GROUP%40%40product-service%22%2C%22weight%22%3A1.0%7D&serviceName=DEFAULT_GROUP%40%40product-service&encoding=UTF-8&namespaceId=327695a5-9f75-405d-99bf-e46b51f6be0f HTTP/1.1" 200 38 4 Nacos-Java-Client:v1.0.0
192.168.10.55 - - [05/Aug/2019:11:38:28 +0800] "GET /nacos/v1/cs/health HTTP/1.1" 200 2 4 Apache-HttpAsyncClient/4.1.3 (Java/1.8.0_20)
0:0:0:0:0:0:0:1 - - [05/Aug/2019:11:38:30 +0800] "GET /nacos/v1/ns/catalog/services?withInstances=false&pageNo=1&pageSize=10&keyword=&namespaceId=327695a5-9f75-405d-99bf-e46b51f6be0f HTTP/1.1" 200 147 4 Mozilla/5.0 (Windows NT 6.1; Win64; x64) AppleWebKit/537.36 (KHTML, like Gecko) Chrome/73.0.3683.86 Safari/537.36
0:0:0:0:0:0:0:1 - - [05/Aug/2019:11:38:32 +0800] "GET /nacos/v1/ns/catalog/services?withInstances=false&pageNo=1&pageSize=10&keyword=&namespaceId=327695a5-9f75-405d-99bf-e46b51f6be0f HTTP/1.1" 200 147 3 Mozilla/5.0 (Windows NT 6.1; Win64; x64) AppleWebKit/537.36 (KHTML, like Gecko) Chrome/73.0.3683.86 Safari/537.36
0:0:0:0:0:0:0:1 - - [05/Aug/2019:11:38:32 +0800] "GET /nacos/v1/ns/catalog/services?withInstances=false&pageNo=1&pageSize=10&keyword=&namespaceId=327695a5-9f75-405d-99bf-e46b51f6be0f HTTP/1.1" 200 147 6 Mozilla/5.0 (Windows NT 6.1; Win64; x64) AppleWebKit/537.36 (KHTML, like Gecko) Chrome/73.0.3683.86 Safari/537.36
0:0:0:0:0:0:0:1 - - [05/Aug/2019:11:38:32 +0800] "GET /nacos/v1/ns/catalog/services?withInstances=false&pageNo=1&pageSize=10&keyword=&namespaceId=327695a5-9f75-405d-99bf-e46b51f6be0f HTTP/1.1" 200 147 3 Mozilla/5.0 (Windows NT 6.1; Win64; x64) AppleWebKit/537.36 (KHTML, like Gecko) Chrome/73.0.3683.86 Safari/537.36
0:0:0:0:0:0:0:1 - - [05/Aug/2019:11:38:33 +0800] "GET /nacos/v1/ns/catalog/services?withInstances=false&pageNo=1&pageSize=10&keyword=&namespaceId=327695a5-9f75-405d-99bf-e46b51f6be0f HTTP/1.1" 200 147 4 Mozilla/5.0 (Windows NT 6.1; Win64; x64) AppleWebKit/537.36 (KHTML, like Gecko) Chrome/73.0.3683.86 Safari/537.36
127.0.0.1 - - [05/Aug/2019:11:38:33 +0800] "PUT /nacos/v1/ns/instance/beat?beat=%7B%22cluster%22%3A%22DEFAULT%22%2C%22ip%22%3A%22192.168.10.55%22%2C%22metadata%22%3A%7B%22preserved.register.source%22%3A%22SPRING_CLOUD%22%7D%2C%22port%22%3A8750%2C%22scheduled%22%3Atrue%2C%22serviceName%22%3A%22DEFAULT_GROUP%40%40product-service%22%2C%22weight%22%3A1.0%7D&serviceName=DEFAULT_GROUP%40%40product-service&encoding=UTF-8&namespaceId=327695a5-9f75-405d-99bf-e46b51f6be0f HTTP/1.1" 200 38 8 Nacos-Java-Client:v1.0.0
192.168.10.55 - - [05/Aug/2019:11:38:33 +0800] "GET /nacos/v1/cs/health HTTP/1.1" 200 2 5 Apache-HttpAsyncClient/4.1.3 (Java/1.8.0_20)
0:0:0:0:0:0:0:1 - - [05/Aug/2019:11:38:35 +0800] "GET /nacos/v1/ns/catalog/services?withInstances=false&pageNo=1&pageSize=10&keyword=&namespaceId= HTTP/1.1" 200 39 3 Mozilla/5.0 (Windows NT 6.1; Win64; x64) AppleWebKit/537.36 (KHTML, like Gecko) Chrome/73.0.3683.86 Safari/537.36
127.0.0.1 - - [05/Aug/2019:11:38:35 +0800] "GET /nacos/v1/ns/service/list?pageSize=2147483647&groupName=DEFAULT_GROUP&encoding=UTF-8&namespaceId=327695a5-9f75-405d-99bf-e46b51f6be0f&pageNo=1 HTTP/1.1" 200 49 5 Nacos-Java-Client:v1.0.0
127.0.0.1 - - [05/Aug/2019:11:38:36 +0800] "GET /nacos/v1/ns/instance/list?healthyOnly=false&namespaceId=327695a5-9f75-405d-99bf-e46b51f6be0f&clientIP=192.168.10.55&serviceName=DEFAULT_GROUP%40%40product-service&udpPort=60334&encoding=UTF-8 HTTP/1.1" 200 580 5 Nacos-Java-Client:v1.0.0
127.0.0.1 - - [05/Aug/2019:11:38:36 +0800] "POST /nacos/v1/cs/configs/listener HTTP/1.1" 200 - 29504 Java/1.8.0_202
0:0:0:0:0:0:0:1 - - [05/Aug/2019:11:38:36 +0800] "GET /nacos/v1/ns/catalog/services?withInstances=false&pageNo=1&pageSize=10&keyword=&namespaceId=327695a5-9f75-405d-99bf-e46b51f6be0f HTTP/1.1" 200 147 3 Mozilla/5.0 (Windows NT 6.1; Win64; x64) AppleWebKit/537.36 (KHTML, like Gecko) Chrome/73.0.3683.86 Safari/537.36
127.0.0.1 - - [05/Aug/2019:11:38:38 +0800] "PUT /nacos/v1/ns/instance/beat?beat=%7B%22cluster%22%3A%22DEFAULT%22%2C%22ip%22%3A%22192.168.10.55%22%2C%22metadata%22%3A%7B%22preserved.register.source%22%3A%22SPRING_CLOUD%22%7D%2C%22port%22%3A8750%2C%22scheduled%22%3Atrue%2C%22serviceName%22%3A%22DEFAULT_GROUP%40%40product-service%22%2C%22weight%22%3A1.0%7D&serviceName=DEFAULT_GROUP%40%40product-service&encoding=UTF-8&namespaceId=327695a5-9f75-405d-99bf-e46b51f6be0f HTTP/1.1" 200 38 5 Nacos-Java-Client:v1.0.0
192.168.10.55 - - [05/Aug/2019:11:38:38 +0800] "GET /nacos/v1/cs/health HTTP/1.1" 200 2 7 Apache-HttpAsyncClient/4.1.3 (Java/1.8.0_20)
127.0.0.1 - - [05/Aug/2019:11:38:43 +0800] "PUT /nacos/v1/ns/instance/beat?beat=%7B%22cluster%22%3A%22DEFAULT%22%2C%22ip%22%3A%22192.168.10.55%22%2C%22metadata%22%3A%7B%22preserved.register.source%22%3A%22SPRING_CLOUD%22%7D%2C%22port%22%3A8750%2C%22scheduled%22%3Atrue%2C%22serviceName%22%3A%22DEFAULT_GROUP%40%40product-service%22%2C%22weight%22%3A1.0%7D&serviceName=DEFAULT_GROUP%40%40product-service&encoding=UTF-8&namespaceId=327695a5-9f75-405d-99bf-e46b51f6be0f HTTP/1.1" 200 38 7 Nacos-Java-Client:v1.0.0
192.168.10.55 - - [05/Aug/2019:11:38:43 +0800] "GET /nacos/v1/cs/health HTTP/1.1" 200 2 3 Apache-HttpAsyncClient/4.1.3 (Java/1.8.0_20)
127.0.0.1 - - [05/Aug/2019:11:38:46 +0800] "GET /nacos/v1/ns/instance/list?healthyOnly=false&namespaceId=327695a5-9f75-405d-99bf-e46b51f6be0f&clientIP=192.168.10.55&serviceName=DEFAULT_GROUP%40%40product-service&udpPort=60334&encoding=UTF-8 HTTP/1.1" 200 580 6 Nacos-Java-Client:v1.0.0
127.0.0.1 - - [05/Aug/2019:11:38:48 +0800] "PUT /nacos/v1/ns/instance/beat?beat=%7B%22cluster%22%3A%22DEFAULT%22%2C%22ip%22%3A%22192.168.10.55%22%2C%22metadata%22%3A%7B%22preserved.register.source%22%3A%22SPRING_CLOUD%22%7D%2C%22port%22%3A8750%2C%22scheduled%22%3Atrue%2C%22serviceName%22%3A%22DEFAULT_GROUP%40%40product-service%22%2C%22weight%22%3A1.0%7D&serviceName=DEFAULT_GROUP%40%40product-service&encoding=UTF-8&namespaceId=327695a5-9f75-405d-99bf-e46b51f6be0f HTTP/1.1" 200 38 3 Nacos-Java-Client:v1.0.0
192.168.10.55 - - [05/Aug/2019:11:38:48 +0800] "GET /nacos/v1/cs/health HTTP/1.1" 200 2 1 Apache-HttpAsyncClient/4.1.3 (Java/1.8.0_20)
127.0.0.1 - - [05/Aug/2019:11:38:53 +0800] "PUT /nacos/v1/ns/instance/beat?beat=%7B%22cluster%22%3A%22DEFAULT%22%2C%22ip%22%3A%22192.168.10.55%22%2C%22metadata%22%3A%7B%22preserved.register.source%22%3A%22SPRING_CLOUD%22%7D%2C%22port%22%3A8750%2C%22scheduled%22%3Atrue%2C%22serviceName%22%3A%22DEFAULT_GROUP%40%40product-service%22%2C%22weight%22%3A1.0%7D&serviceName=DEFAULT_GROUP%40%40product-service&encoding=UTF-8&namespaceId=327695a5-9f75-405d-99bf-e46b51f6be0f HTTP/1.1" 200 38 4 Nacos-Java-Client:v1.0.0
192.168.10.55 - - [05/Aug/2019:11:38:53 +0800] "GET /nacos/v1/cs/health HTTP/1.1" 200 2 3 Apache-HttpAsyncClient/4.1.3 (Java/1.8.0_20)
127.0.0.1 - - [05/Aug/2019:11:38:56 +0800] "GET /nacos/v1/ns/instance/list?healthyOnly=false&namespaceId=327695a5-9f75-405d-99bf-e46b51f6be0f&clientIP=192.168.10.55&serviceName=DEFAULT_GROUP%40%40product-service&udpPort=60334&encoding=UTF-8 HTTP/1.1" 200 580 2 Nacos-Java-Client:v1.0.0
127.0.0.1 - - [05/Aug/2019:11:38:58 +0800] "PUT /nacos/v1/ns/instance/beat?beat=%7B%22cluster%22%3A%22DEFAULT%22%2C%22ip%22%3A%22192.168.10.55%22%2C%22metadata%22%3A%7B%22preserved.register.source%22%3A%22SPRING_CLOUD%22%7D%2C%22port%22%3A8750%2C%22scheduled%22%3Atrue%2C%22serviceName%22%3A%22DEFAULT_GROUP%40%40product-service%22%2C%22weight%22%3A1.0%7D&serviceName=DEFAULT_GROUP%40%40product-service&encoding=UTF-8&namespaceId=327695a5-9f75-405d-99bf-e46b51f6be0f HTTP/1.1" 200 38 3 Nacos-Java-Client:v1.0.0
192.168.10.55 - - [05/Aug/2019:11:38:58 +0800] "GET /nacos/v1/cs/health HTTP/1.1" 200 2 2 Apache-HttpAsyncClient/4.1.3 (Java/1.8.0_20)
127.0.0.1 - - [05/Aug/2019:11:39:03 +0800] "PUT /nacos/v1/ns/instance/beat?beat=%7B%22cluster%22%3A%22DEFAULT%22%2C%22ip%22%3A%22192.168.10.55%22%2C%22metadata%22%3A%7B%22preserved.register.source%22%3A%22SPRING_CLOUD%22%7D%2C%22port%22%3A8750%2C%22scheduled%22%3Atrue%2C%22serviceName%22%3A%22DEFAULT_GROUP%40%40product-service%22%2C%22weight%22%3A1.0%7D&serviceName=DEFAULT_GROUP%40%40product-service&encoding=UTF-8&namespaceId=327695a5-9f75-405d-99bf-e46b51f6be0f HTTP/1.1" 200 38 13 Nacos-Java-Client:v1.0.0
192.168.10.55 - - [05/Aug/2019:11:39:03 +0800] "GET /nacos/v1/cs/health HTTP/1.1" 200 2 3 Apache-HttpAsyncClient/4.1.3 (Java/1.8.0_20)
127.0.0.1 - - [05/Aug/2019:11:39:05 +0800] "GET /nacos/v1/ns/service/list?pageSize=2147483647&groupName=DEFAULT_GROUP&encoding=UTF-8&namespaceId=327695a5-9f75-405d-99bf-e46b51f6be0f&pageNo=1 HTTP/1.1" 200 49 9 Nacos-Java-Client:v1.0.0
127.0.0.1 - - [05/Aug/2019:11:39:06 +0800] "POST /nacos/v1/cs/configs/listener HTTP/1.1" 200 - 29508 Java/1.8.0_202
127.0.0.1 - - [05/Aug/2019:11:39:06 +0800] "GET /nacos/v1/ns/instance/list?healthyOnly=false&namespaceId=327695a5-9f75-405d-99bf-e46b51f6be0f&clientIP=192.168.10.55&serviceName=DEFAULT_GROUP%40%40product-service&udpPort=60334&encoding=UTF-8 HTTP/1.1" 200 580 3 Nacos-Java-Client:v1.0.0
127.0.0.1 - - [05/Aug/2019:11:39:08 +0800] "PUT /nacos/v1/ns/instance/beat?beat=%7B%22cluster%22%3A%22DEFAULT%22%2C%22ip%22%3A%22192.168.10.55%22%2C%22metadata%22%3A%7B%22preserved.register.source%22%3A%22SPRING_CLOUD%22%7D%2C%22port%22%3A8750%2C%22scheduled%22%3Atrue%2C%22serviceName%22%3A%22DEFAULT_GROUP%40%40product-service%22%2C%22weight%22%3A1.0%7D&serviceName=DEFAULT_GROUP%40%40product-service&encoding=UTF-8&namespaceId=327695a5-9f75-405d-99bf-e46b51f6be0f HTTP/1.1" 200 38 3 Nacos-Java-Client:v1.0.0
192.168.10.55 - - [05/Aug/2019:11:39:08 +0800] "GET /nacos/v1/cs/health HTTP/1.1" 200 2 3 Apache-HttpAsyncClient/4.1.3 (Java/1.8.0_20)
127.0.0.1 - - [05/Aug/2019:11:39:13 +0800] "PUT /nacos/v1/ns/instance/beat?beat=%7B%22cluster%22%3A%22DEFAULT%22%2C%22ip%22%3A%22192.168.10.55%22%2C%22metadata%22%3A%7B%22preserved.register.source%22%3A%22SPRING_CLOUD%22%7D%2C%22port%22%3A8750%2C%22scheduled%22%3Atrue%2C%22serviceName%22%3A%22DEFAULT_GROUP%40%40product-service%22%2C%22weight%22%3A1.0%7D&serviceName=DEFAULT_GROUP%40%40product-service&encoding=UTF-8&namespaceId=327695a5-9f75-405d-99bf-e46b51f6be0f HTTP/1.1" 200 38 8 Nacos-Java-Client:v1.0.0
192.168.10.55 - - [05/Aug/2019:11:39:13 +0800] "GET /nacos/v1/cs/health HTTP/1.1" 200 2 2 Apache-HttpAsyncClient/4.1.3 (Java/1.8.0_20)
127.0.0.1 - - [05/Aug/2019:11:39:16 +0800] "GET /nacos/v1/ns/instance/list?healthyOnly=false&namespaceId=327695a5-9f75-405d-99bf-e46b51f6be0f&clientIP=192.168.10.55&serviceName=DEFAULT_GROUP%40%40product-service&udpPort=60334&encoding=UTF-8 HTTP/1.1" 200 580 13 Nacos-Java-Client:v1.0.0
0:0:0:0:0:0:0:1 - - [05/Aug/2019:11:39:18 +0800] "GET /nacos/v1/ns/catalog/service?serviceName=product-service&groupName=DEFAULT_GROUP&namespaceId=327695a5-9f75-405d-99bf-e46b51f6be0f HTTP/1.1" 200 328 6 Mozilla/5.0 (Windows NT 6.1; Win64; x64) AppleWebKit/537.36 (KHTML, like Gecko) Chrome/73.0.3683.86 Safari/537.36
0:0:0:0:0:0:0:1 - - [05/Aug/2019:11:39:18 +0800] "GET /nacos/v1/ns/catalog/instances?serviceName=product-service&clusterName=DEFAULT&groupName=DEFAULT_GROUP&pageSize=10&pageNo=1&namespaceId=327695a5-9f75-405d-99bf-e46b51f6be0f HTTP/1.1" 200 634 11 Mozilla/5.0 (Windows NT 6.1; Win64; x64) AppleWebKit/537.36 (KHTML, like Gecko) Chrome/73.0.3683.86 Safari/537.36
0:0:0:0:0:0:0:1 - - [05/Aug/2019:11:39:18 +0800] "GET /nacos/console-fe/public/js/vs/language/json/jsonMode.js HTTP/1.1" 304 - 50 Mozilla/5.0 (Windows NT 6.1; Win64; x64) AppleWebKit/537.36 (KHTML, like Gecko) Chrome/73.0.3683.86 Safari/537.36
127.0.0.1 - - [05/Aug/2019:11:39:18 +0800] "PUT /nacos/v1/ns/instance/beat?beat=%7B%22cluster%22%3A%22DEFAULT%22%2C%22ip%22%3A%22192.168.10.55%22%2C%22metadata%22%3A%7B%22preserved.register.source%22%3A%22SPRING_CLOUD%22%7D%2C%22port%22%3A8750%2C%22scheduled%22%3Atrue%2C%22serviceName%22%3A%22DEFAULT_GROUP%40%40product-service%22%2C%22weight%22%3A1.0%7D&serviceName=DEFAULT_GROUP%40%40product-service&encoding=UTF-8&namespaceId=327695a5-9f75-405d-99bf-e46b51f6be0f HTTP/1.1" 200 38 2 Nacos-Java-Client:v1.0.0
192.168.10.55 - - [05/Aug/2019:11:39:18 +0800] "GET /nacos/v1/cs/health HTTP/1.1" 200 2 2 Apache-HttpAsyncClient/4.1.3 (Java/1.8.0_20)
0:0:0:0:0:0:0:1 - - [05/Aug/2019:11:39:18 +0800] "GET /nacos/console-fe/public/js/vs/language/json/jsonWorker.js HTTP/1.1" 304 - 4 Mozilla/5.0 (Windows NT 6.1; Win64; x64) AppleWebKit/537.36 (KHTML, like Gecko) Chrome/73.0.3683.86 Safari/537.36
0:0:0:0:0:0:0:1 - - [05/Aug/2019:11:39:20 +0800] "GET /nacos/v1/ns/catalog/services?withInstances=false&pageNo=1&pageSize=10&keyword=&namespaceId=327695a5-9f75-405d-99bf-e46b51f6be0f HTTP/1.1" 200 147 4 Mozilla/5.0 (Windows NT 6.1; Win64; x64) AppleWebKit/537.36 (KHTML, like Gecko) Chrome/73.0.3683.86 Safari/537.36
127.0.0.1 - - [05/Aug/2019:11:39:23 +0800] "PUT /nacos/v1/ns/instance/beat?beat=%7B%22cluster%22%3A%22DEFAULT%22%2C%22ip%22%3A%22192.168.10.55%22%2C%22metadata%22%3A%7B%22preserved.register.source%22%3A%22SPRING_CLOUD%22%7D%2C%22port%22%3A8750%2C%22scheduled%22%3Atrue%2C%22serviceName%22%3A%22DEFAULT_GROUP%40%40product-service%22%2C%22weight%22%3A1.0%7D&serviceName=DEFAULT_GROUP%40%40product-service&encoding=UTF-8&namespaceId=327695a5-9f75-405d-99bf-e46b51f6be0f HTTP/1.1" 200 38 2 Nacos-Java-Client:v1.0.0
192.168.10.55 - - [05/Aug/2019:11:39:23 +0800] "GET /nacos/v1/cs/health HTTP/1.1" 200 2 2 Apache-HttpAsyncClient/4.1.3 (Java/1.8.0_20)
127.0.0.1 - - [05/Aug/2019:11:39:26 +0800] "GET /nacos/v1/ns/instance/list?healthyOnly=false&namespaceId=327695a5-9f75-405d-99bf-e46b51f6be0f&clientIP=192.168.10.55&serviceName=DEFAULT_GROUP%40%40product-service&udpPort=60334&encoding=UTF-8 HTTP/1.1" 200 580 7 Nacos-Java-Client:v1.0.0
127.0.0.1 - - [05/Aug/2019:11:39:28 +0800] "PUT /nacos/v1/ns/instance/beat?beat=%7B%22cluster%22%3A%22DEFAULT%22%2C%22ip%22%3A%22192.168.10.55%22%2C%22metadata%22%3A%7B%22preserved.register.source%22%3A%22SPRING_CLOUD%22%7D%2C%22port%22%3A8750%2C%22scheduled%22%3Atrue%2C%22serviceName%22%3A%22DEFAULT_GROUP%40%40product-service%22%2C%22weight%22%3A1.0%7D&serviceName=DEFAULT_GROUP%40%40product-service&encoding=UTF-8&namespaceId=327695a5-9f75-405d-99bf-e46b51f6be0f HTTP/1.1" 200 38 7 Nacos-Java-Client:v1.0.0
192.168.10.55 - - [05/Aug/2019:11:39:28 +0800] "GET /nacos/v1/cs/health HTTP/1.1" 200 2 4 Apache-HttpAsyncClient/4.1.3 (Java/1.8.0_20)
127.0.0.1 - - [05/Aug/2019:11:39:33 +0800] "PUT /nacos/v1/ns/instance/beat?beat=%7B%22cluster%22%3A%22DEFAULT%22%2C%22ip%22%3A%22192.168.10.55%22%2C%22metadata%22%3A%7B%22preserved.register.source%22%3A%22SPRING_CLOUD%22%7D%2C%22port%22%3A8750%2C%22scheduled%22%3Atrue%2C%22serviceName%22%3A%22DEFAULT_GROUP%40%40product-service%22%2C%22weight%22%3A1.0%7D&serviceName=DEFAULT_GROUP%40%40product-service&encoding=UTF-8&namespaceId=327695a5-9f75-405d-99bf-e46b51f6be0f HTTP/1.1" 200 38 6 Nacos-Java-Client:v1.0.0
192.168.10.55 - - [05/Aug/2019:11:39:33 +0800] "GET /nacos/v1/cs/health HTTP/1.1" 200 2 3 Apache-HttpAsyncClient/4.1.3 (Java/1.8.0_20)
127.0.0.1 - - [05/Aug/2019:11:39:35 +0800] "GET /nacos/v1/ns/service/list?pageSize=2147483647&groupName=DEFAULT_GROUP&encoding=UTF-8&namespaceId=327695a5-9f75-405d-99bf-e46b51f6be0f&pageNo=1 HTTP/1.1" 200 49 7 Nacos-Java-Client:v1.0.0
127.0.0.1 - - [05/Aug/2019:11:39:35 +0800] "POST /nacos/v1/cs/configs/listener HTTP/1.1" 200 - 29505 Java/1.8.0_202
127.0.0.1 - - [05/Aug/2019:11:39:36 +0800] "GET /nacos/v1/ns/instance/list?healthyOnly=false&namespaceId=327695a5-9f75-405d-99bf-e46b51f6be0f&clientIP=192.168.10.55&serviceName=DEFAULT_GROUP%40%40product-service&udpPort=60334&encoding=UTF-8 HTTP/1.1" 200 580 8 Nacos-Java-Client:v1.0.0
127.0.0.1 - - [05/Aug/2019:11:39:38 +0800] "PUT /nacos/v1/ns/instance/beat?beat=%7B%22cluster%22%3A%22DEFAULT%22%2C%22ip%22%3A%22192.168.10.55%22%2C%22metadata%22%3A%7B%22preserved.register.source%22%3A%22SPRING_CLOUD%22%7D%2C%22port%22%3A8750%2C%22scheduled%22%3Atrue%2C%22serviceName%22%3A%22DEFAULT_GROUP%40%40product-service%22%2C%22weight%22%3A1.0%7D&serviceName=DEFAULT_GROUP%40%40product-service&encoding=UTF-8&namespaceId=327695a5-9f75-405d-99bf-e46b51f6be0f HTTP/1.1" 200 38 6 Nacos-Java-Client:v1.0.0
192.168.10.55 - - [05/Aug/2019:11:39:38 +0800] "GET /nacos/v1/cs/health HTTP/1.1" 200 2 4 Apache-HttpAsyncClient/4.1.3 (Java/1.8.0_20)
127.0.0.1 - - [05/Aug/2019:11:39:43 +0800] "PUT /nacos/v1/ns/instance/beat?beat=%7B%22cluster%22%3A%22DEFAULT%22%2C%22ip%22%3A%22192.168.10.55%22%2C%22metadata%22%3A%7B%22preserved.register.source%22%3A%22SPRING_CLOUD%22%7D%2C%22port%22%3A8750%2C%22scheduled%22%3Atrue%2C%22serviceName%22%3A%22DEFAULT_GROUP%40%40product-service%22%2C%22weight%22%3A1.0%7D&serviceName=DEFAULT_GROUP%40%40product-service&encoding=UTF-8&namespaceId=327695a5-9f75-405d-99bf-e46b51f6be0f HTTP/1.1" 200 38 8 Nacos-Java-Client:v1.0.0
192.168.10.55 - - [05/Aug/2019:11:39:43 +0800] "GET /nacos/v1/cs/health HTTP/1.1" 200 2 7 Apache-HttpAsyncClient/4.1.3 (Java/1.8.0_20)
127.0.0.1 - - [05/Aug/2019:11:39:46 +0800] "GET /nacos/v1/ns/instance/list?healthyOnly=false&namespaceId=327695a5-9f75-405d-99bf-e46b51f6be0f&clientIP=192.168.10.55&serviceName=DEFAULT_GROUP%40%40product-service&udpPort=60334&encoding=UTF-8 HTTP/1.1" 200 580 6 Nacos-Java-Client:v1.0.0
127.0.0.1 - - [05/Aug/2019:11:39:48 +0800] "PUT /nacos/v1/ns/instance/beat?beat=%7B%22cluster%22%3A%22DEFAULT%22%2C%22ip%22%3A%22192.168.10.55%22%2C%22metadata%22%3A%7B%22preserved.register.source%22%3A%22SPRING_CLOUD%22%7D%2C%22port%22%3A8750%2C%22scheduled%22%3Atrue%2C%22serviceName%22%3A%22DEFAULT_GROUP%40%40product-service%22%2C%22weight%22%3A1.0%7D&serviceName=DEFAULT_GROUP%40%40product-service&encoding=UTF-8&namespaceId=327695a5-9f75-405d-99bf-e46b51f6be0f HTTP/1.1" 200 38 6 Nacos-Java-Client:v1.0.0
192.168.10.55 - - [05/Aug/2019:11:39:48 +0800] "GET /nacos/v1/cs/health HTTP/1.1" 200 2 4 Apache-HttpAsyncClient/4.1.3 (Java/1.8.0_20)
127.0.0.1 - - [05/Aug/2019:11:39:53 +0800] "PUT /nacos/v1/ns/instance/beat?beat=%7B%22cluster%22%3A%22DEFAULT%22%2C%22ip%22%3A%22192.168.10.55%22%2C%22metadata%22%3A%7B%22preserved.register.source%22%3A%22SPRING_CLOUD%22%7D%2C%22port%22%3A8750%2C%22scheduled%22%3Atrue%2C%22serviceName%22%3A%22DEFAULT_GROUP%40%40product-service%22%2C%22weight%22%3A1.0%7D&serviceName=DEFAULT_GROUP%40%40product-service&encoding=UTF-8&namespaceId=327695a5-9f75-405d-99bf-e46b51f6be0f HTTP/1.1" 200 38 6 Nacos-Java-Client:v1.0.0
192.168.10.55 - - [05/Aug/2019:11:39:53 +0800] "GET /nacos/v1/cs/health HTTP/1.1" 200 2 3 Apache-HttpAsyncClient/4.1.3 (Java/1.8.0_20)
127.0.0.1 - - [05/Aug/2019:11:39:56 +0800] "GET /nacos/v1/ns/instance/list?healthyOnly=false&namespaceId=327695a5-9f75-405d-99bf-e46b51f6be0f&clientIP=192.168.10.55&serviceName=DEFAULT_GROUP%40%40product-service&udpPort=60334&encoding=UTF-8 HTTP/1.1" 200 580 6 Nacos-Java-Client:v1.0.0
127.0.0.1 - - [05/Aug/2019:11:39:58 +0800] "PUT /nacos/v1/ns/instance/beat?beat=%7B%22cluster%22%3A%22DEFAULT%22%2C%22ip%22%3A%22192.168.10.55%22%2C%22metadata%22%3A%7B%22preserved.register.source%22%3A%22SPRING_CLOUD%22%7D%2C%22port%22%3A8750%2C%22scheduled%22%3Atrue%2C%22serviceName%22%3A%22DEFAULT_GROUP%40%40product-service%22%2C%22weight%22%3A1.0%7D&serviceName=DEFAULT_GROUP%40%40product-service&encoding=UTF-8&namespaceId=327695a5-9f75-405d-99bf-e46b51f6be0f HTTP/1.1" 200 38 4 Nacos-Java-Client:v1.0.0
192.168.10.55 - - [05/Aug/2019:11:39:58 +0800] "GET /nacos/v1/cs/health HTTP/1.1" 200 2 3 Apache-HttpAsyncClient/4.1.3 (Java/1.8.0_20)
127.0.0.1 - - [05/Aug/2019:11:40:03 +0800] "PUT /nacos/v1/ns/instance/beat?beat=%7B%22cluster%22%3A%22DEFAULT%22%2C%22ip%22%3A%22192.168.10.55%22%2C%22metadata%22%3A%7B%22preserved.register.source%22%3A%22SPRING_CLOUD%22%7D%2C%22port%22%3A8750%2C%22scheduled%22%3Atrue%2C%22serviceName%22%3A%22DEFAULT_GROUP%40%40product-service%22%2C%22weight%22%3A1.0%7D&serviceName=DEFAULT_GROUP%40%40product-service&encoding=UTF-8&namespaceId=327695a5-9f75-405d-99bf-e46b51f6be0f HTTP/1.1" 200 38 7 Nacos-Java-Client:v1.0.0
192.168.10.55 - - [05/Aug/2019:11:40:03 +0800] "GET /nacos/v1/cs/health HTTP/1.1" 200 2 4 Apache-HttpAsyncClient/4.1.3 (Java/1.8.0_20)
127.0.0.1 - - [05/Aug/2019:11:40:05 +0800] "POST /nacos/v1/cs/configs/listener HTTP/1.1" 200 - 29507 Java/1.8.0_202
0:0:0:0:0:0:0:1 - - [05/Aug/2019:11:40:05 +0800] "POST /nacos/v1/cs/configs HTTP/1.1" 200 14 213 Mozilla/5.0 (Windows NT 6.1; Win64; x64) AppleWebKit/537.36 (KHTML, like Gecko) Chrome/73.0.3683.86 Safari/537.36
192.168.10.55 - - [05/Aug/2019:11:40:05 +0800] "GET /nacos/v1/cs/communication/dataChange?dataId=product-service.yml&group=DEFAULT_GROUP&tenant=327695a5-9f75-405d-99bf-e46b51f6be0f HTTP/1.1" 200 14 7 Apache-HttpAsyncClient/4.1.3 (Java/1.8.0_20)
127.0.0.1 - - [05/Aug/2019:11:40:05 +0800] "GET /nacos/v1/ns/service/list?pageSize=2147483647&groupName=DEFAULT_GROUP&encoding=UTF-8&namespaceId=327695a5-9f75-405d-99bf-e46b51f6be0f&pageNo=1 HTTP/1.1" 200 49 8 Nacos-Java-Client:v1.0.0
127.0.0.1 - - [05/Aug/2019:11:40:05 +0800] "POST /nacos/v1/cs/configs/listener HTTP/1.1" 200 79 264 Java/1.8.0_202
127.0.0.1 - - [05/Aug/2019:11:40:05 +0800] "GET /nacos/v1/cs/configs?dataId=product-service.yml&group=DEFAULT_GROUP&tenant=327695a5-9f75-405d-99bf-e46b51f6be0f HTTP/1.1" 200 320 7 Java/1.8.0_202
0:0:0:0:0:0:0:1 - - [05/Aug/2019:11:40:05 +0800] "GET /nacos/v1/cs/configs?dataId=product-service.yml&group=DEFAULT_GROUP&namespaceId=327695a5-9f75-405d-99bf-e46b51f6be0f&tenant=327695a5-9f75-405d-99bf-e46b51f6be0f&show=all HTTP/1.1" 200 735 249 Mozilla/5.0 (Windows NT 6.1; Win64; x64) AppleWebKit/537.36 (KHTML, like Gecko) Chrome/73.0.3683.86 Safari/537.36
127.0.0.1 - - [05/Aug/2019:11:40:05 +0800] "GET /nacos/v1/cs/configs?dataId=common-config.yml&group=DEFAULT_GROUP&tenant=327695a5-9f75-405d-99bf-e46b51f6be0f HTTP/1.1" 200 445 2 Java/1.8.0_202
127.0.0.1 - - [05/Aug/2019:11:40:05 +0800] "GET /nacos/v1/cs/configs?dataId=rabbitmq-config.yml&group=DEFAULT_GROUP&tenant=327695a5-9f75-405d-99bf-e46b51f6be0f HTTP/1.1" 200 255 2 Java/1.8.0_202
127.0.0.1 - - [05/Aug/2019:11:40:06 +0800] "GET /nacos/v1/cs/configs?dataId=common-config.yml&group=DEFAULT_GROUP&tenant=327695a5-9f75-405d-99bf-e46b51f6be0f HTTP/1.1" 200 445 2 Java/1.8.0_202
127.0.0.1 - - [05/Aug/2019:11:40:06 +0800] "GET /nacos/v1/cs/configs?dataId=rabbitmq-config.yml&group=DEFAULT_GROUP&tenant=327695a5-9f75-405d-99bf-e46b51f6be0f HTTP/1.1" 200 255 3 Java/1.8.0_202
127.0.0.1 - - [05/Aug/2019:11:40:06 +0800] "GET /nacos/v1/cs/configs?dataId=product-service.yml&group=DEFAULT_GROUP&tenant=327695a5-9f75-405d-99bf-e46b51f6be0f HTTP/1.1" 200 320 2 Java/1.8.0_202
127.0.0.1 - - [05/Aug/2019:11:40:06 +0800] "GET /nacos/v1/cs/configs?dataId=product-service-dev.yml&group=DEFAULT_GROUP&tenant=327695a5-9f75-405d-99bf-e46b51f6be0f HTTP/1.1" 404 23 2 Java/1.8.0_202
127.0.0.1 - - [05/Aug/2019:11:40:06 +0800] "GET /nacos/v1/ns/instance/list?healthyOnly=false&namespaceId=327695a5-9f75-405d-99bf-e46b51f6be0f&clientIP=192.168.10.55&serviceName=DEFAULT_GROUP%40%40product-service&udpPort=60334&encoding=UTF-8 HTTP/1.1" 200 580 3 Nacos-Java-Client:v1.0.0
127.0.0.1 - - [05/Aug/2019:11:40:08 +0800] "PUT /nacos/v1/ns/instance/beat?beat=%7B%22cluster%22%3A%22DEFAULT%22%2C%22ip%22%3A%22192.168.10.55%22%2C%22metadata%22%3A%7B%22preserved.register.source%22%3A%22SPRING_CLOUD%22%7D%2C%22port%22%3A8750%2C%22scheduled%22%3Atrue%2C%22serviceName%22%3A%22DEFAULT_GROUP%40%40product-service%22%2C%22weight%22%3A1.0%7D&serviceName=DEFAULT_GROUP%40%40product-service&encoding=UTF-8&namespaceId=327695a5-9f75-405d-99bf-e46b51f6be0f HTTP/1.1" 200 38 6 Nacos-Java-Client:v1.0.0
